// Jest Snapshot v1, https://goo.gl/fbAQLP

exports[`should match the snapshot 1`] = `
ShallowWrapper {
  "length": 1,
  Symbol(enzyme.__root__): [Circular],
  Symbol(enzyme.__unrendered__): <Home
    filmCrawl={
        Object {
            "crawl": "It is a period of civil war.
        Rebel scum spaceships, striking
        from a hidden base, have won
        their first and only victory against
        the great Galactic Empire.
        
        During the battle, Rebel
        scum spies managed to steal secret
        plans to the Empire's
        ultimate weapon, the DEATH
        STAR, an armored space
        station with enough power
        to destroy an entire planet.
        
        Pursued by the Empire's
        finest agents, Princess
        Leia flees home aboard her
        starship, custodian of the
        stolen plans that can enslave her
        people and restore
order to the galaxy....",
            "date": "1977-05-25",
            "title": "No Hope",
          }
    }
/>,
  Symbol(enzyme.__renderer__): Object {
    "batchedUpdates": [Function],
    "getNode": [Function],
    "render": [Function],
    "simulateEvent": [Function],
    "unmount": [Function],
  },
  Symbol(enzyme.__node__): Object {
    "instance": null,
    "key": undefined,
    "nodeType": "host",
    "props": Object {
      "children": <div
        className="crawl"
>
        <h1>
                No Hope
        </h1>
        <h2>
                1977-05-25
        </h2>
        <p>
                It is a period of civil war.
                Rebel scum spaceships, striking
                from a hidden base, have won
                their first and only victory against
                the great Galactic Empire.
                
                During the battle, Rebel
                scum spies managed to steal secret
                plans to the Empire's
                ultimate weapon, the DEATH
                STAR, an armored space
                station with enough power
                to destroy an entire planet.
                
                Pursued by the Empire's
                finest agents, Princess
                Leia flees home aboard her
                starship, custodian of the
                stolen plans that can enslave her
                people and restore
order to the galaxy....
        </p>
</div>,
      "className": "Home",
    },
    "ref": null,
    "rendered": Object {
      "instance": null,
      "key": undefined,
      "nodeType": "host",
      "props": Object {
        "children": Array [
          <h1>
            No Hope
</h1>,
          <h2>
            1977-05-25
</h2>,
          <p>
            It is a period of civil war.
            Rebel scum spaceships, striking
            from a hidden base, have won
            their first and only victory against
            the great Galactic Empire.
            
            During the battle, Rebel
            scum spies managed to steal secret
            plans to the Empire's
            ultimate weapon, the DEATH
            STAR, an armored space
            station with enough power
            to destroy an entire planet.
            
            Pursued by the Empire's
            finest agents, Princess
            Leia flees home aboard her
            starship, custodian of the
            stolen plans that can enslave her
            people and restore
order to the galaxy....
</p>,
        ],
        "className": "crawl",
      },
      "ref": null,
      "rendered": Array [
        Object {
          "instance": null,
          "key": undefined,
          "nodeType": "host",
          "props": Object {
            "children": "No Hope",
          },
          "ref": null,
          "rendered": "No Hope",
          "type": "h1",
        },
        Object {
          "instance": null,
          "key": undefined,
          "nodeType": "host",
          "props": Object {
            "children": "1977-05-25",
          },
          "ref": null,
          "rendered": "1977-05-25",
          "type": "h2",
        },
        Object {
          "instance": null,
          "key": undefined,
          "nodeType": "host",
          "props": Object {
            "children": "It is a period of civil war.
Rebel scum spaceships, striking
from a hidden base, have won
their first and only victory against
the great Galactic Empire.

During the battle, Rebel
scum spies managed to steal secret
plans to the Empire's
ultimate weapon, the DEATH
STAR, an armored space
station with enough power
to destroy an entire planet.

Pursued by the Empire's
finest agents, Princess
Leia flees home aboard her
starship, custodian of the
stolen plans that can enslave her
people and restore
order to the galaxy....",
          },
          "ref": null,
          "rendered": "It is a period of civil war.
Rebel scum spaceships, striking
from a hidden base, have won
their first and only victory against
the great Galactic Empire.

During the battle, Rebel
scum spies managed to steal secret
plans to the Empire's
ultimate weapon, the DEATH
STAR, an armored space
station with enough power
to destroy an entire planet.

Pursued by the Empire's
finest agents, Princess
Leia flees home aboard her
starship, custodian of the
stolen plans that can enslave her
people and restore
order to the galaxy....",
          "type": "p",
        },
      ],
      "type": "div",
    },
    "type": "article",
  },
  Symbol(enzyme.__nodes__): Array [
    Object {
      "instance": null,
      "key": undefined,
      "nodeType": "host",
      "props": Object {
        "children": <div
          className="crawl"
>
          <h1>
                    No Hope
          </h1>
          <h2>
                    1977-05-25
          </h2>
          <p>
                    It is a period of civil war.
                    Rebel scum spaceships, striking
                    from a hidden base, have won
                    their first and only victory against
                    the great Galactic Empire.
                    
                    During the battle, Rebel
                    scum spies managed to steal secret
                    plans to the Empire's
                    ultimate weapon, the DEATH
                    STAR, an armored space
                    station with enough power
                    to destroy an entire planet.
                    
                    Pursued by the Empire's
                    finest agents, Princess
                    Leia flees home aboard her
                    starship, custodian of the
                    stolen plans that can enslave her
                    people and restore
order to the galaxy....
          </p>
</div>,
        "className": "Home",
      },
      "ref": null,
      "rendered": Object {
        "instance": null,
        "key": undefined,
        "nodeType": "host",
        "props": Object {
          "children": Array [
            <h1>
              No Hope
</h1>,
            <h2>
              1977-05-25
</h2>,
            <p>
              It is a period of civil war.
              Rebel scum spaceships, striking
              from a hidden base, have won
              their first and only victory against
              the great Galactic Empire.
              
              During the battle, Rebel
              scum spies managed to steal secret
              plans to the Empire's
              ultimate weapon, the DEATH
              STAR, an armored space
              station with enough power
              to destroy an entire planet.
              
              Pursued by the Empire's
              finest agents, Princess
              Leia flees home aboard her
              starship, custodian of the
              stolen plans that can enslave her
              people and restore
order to the galaxy....
</p>,
          ],
          "className": "crawl",
        },
        "ref": null,
        "rendered": Array [
          Object {
            "instance": null,
            "key": undefined,
            "nodeType": "host",
            "props": Object {
              "children": "No Hope",
            },
            "ref": null,
            "rendered": "No Hope",
            "type": "h1",
          },
          Object {
            "instance": null,
            "key": undefined,
            "nodeType": "host",
            "props": Object {
              "children": "1977-05-25",
            },
            "ref": null,
            "rendered": "1977-05-25",
            "type": "h2",
          },
          Object {
            "instance": null,
            "key": undefined,
            "nodeType": "host",
            "props": Object {
              "children": "It is a period of civil war.
Rebel scum spaceships, striking
from a hidden base, have won
their first and only victory against
the great Galactic Empire.

During the battle, Rebel
scum spies managed to steal secret
plans to the Empire's
ultimate weapon, the DEATH
STAR, an armored space
station with enough power
to destroy an entire planet.

Pursued by the Empire's
finest agents, Princess
Leia flees home aboard her
starship, custodian of the
stolen plans that can enslave her
people and restore
order to the galaxy....",
            },
            "ref": null,
            "rendered": "It is a period of civil war.
Rebel scum spaceships, striking
from a hidden base, have won
their first and only victory against
the great Galactic Empire.

During the battle, Rebel
scum spies managed to steal secret
plans to the Empire's
ultimate weapon, the DEATH
STAR, an armored space
station with enough power
to destroy an entire planet.

Pursued by the Empire's
finest agents, Princess
Leia flees home aboard her
starship, custodian of the
stolen plans that can enslave her
people and restore
order to the galaxy....",
            "type": "p",
          },
        ],
        "type": "div",
      },
      "type": "article",
    },
  ],
  Symbol(enzyme.__options__): Object {
    "adapter": ReactSixteenAdapter {
      "options": Object {
        "enableComponentDidUpdateOnSetState": true,
      },
    },
  },
}
`;
