// Jest Snapshot v1, https://goo.gl/fbAQLP

exports[`Nav should match the snapshot 1`] = `
ShallowWrapper {
  "length": 1,
  Symbol(enzyme.__root__): [Circular],
  Symbol(enzyme.__unrendered__): <Nav
    getFilmCrawl={[Function]}
    renderCards={[Function]}
/>,
  Symbol(enzyme.__renderer__): Object {
    "batchedUpdates": [Function],
    "getNode": [Function],
    "render": [Function],
    "simulateEvent": [Function],
    "unmount": [Function],
  },
  Symbol(enzyme.__node__): Object {
    "instance": null,
    "key": undefined,
    "nodeType": "host",
    "props": Object {
      "children": Array [
        <div
          className="title-cont"
>
          <Link
                    onClick={[Function]}
                    replace={false}
                    to="/"
          >
                    <img
                              alt="empire logo"
                              id="empire-logo"
                              src="GalacticEmpire.png"
                    />
                    <h1>
                              The Imperial Almanac
                    </h1>
          </Link>
</div>,
        <div
          className="nav-btns-cont"
>
          <NavLink
                    activeClassName="active"
                    ariaCurrent="true"
                    to="/people"
          >
                    <button
                              id="people"
                              onClick={[Function]}
                    >
                              <img
                                        alt="search people"
                                        className="nav-img"
                                        src="people.svg"
                              />
                    </button>
          </NavLink>
          <NavLink
                    activeClassName="active"
                    ariaCurrent="true"
                    to="/planets"
          >
                    <button
                              onClick={[Function]}
                    >
                              <img
                                        alt="search people"
                                        className="nav-img"
                                        src="earth-globe.svg"
                              />
                    </button>
          </NavLink>
          <NavLink
                    activeClassName="active"
                    ariaCurrent="true"
                    to="/vehicles"
          >
                    <button
                              onClick={[Function]}
                    >
                              <img
                                        alt="search people"
                                        className="nav-img"
                                        src="star-wars.svg"
                              />
                    </button>
          </NavLink>
          <NavLink
                    activeClassName="active"
                    ariaCurrent="true"
                    to="/targets"
          >
                    <button
                              id="targets"
                    >
                              <img
                                        alt="search people"
                                        className="nav-img"
                                        src="bullseye.svg"
                              />
                    </button>
          </NavLink>
</div>,
        <img
          id="death-star"
          src="deathStar.png"
/>,
      ],
    },
    "ref": null,
    "rendered": Array [
      Object {
        "instance": null,
        "key": undefined,
        "nodeType": "host",
        "props": Object {
          "children": <Link
            onClick={[Function]}
            replace={false}
            to="/"
>
            <img
                        alt="empire logo"
                        id="empire-logo"
                        src="GalacticEmpire.png"
            />
            <h1>
                        The Imperial Almanac
            </h1>
</Link>,
          "className": "title-cont",
        },
        "ref": null,
        "rendered": Object {
          "instance": null,
          "key": undefined,
          "nodeType": "class",
          "props": Object {
            "children": Array [
              <img
                alt="empire logo"
                id="empire-logo"
                src="GalacticEmpire.png"
/>,
              <h1>
                The Imperial Almanac
</h1>,
            ],
            "onClick": [Function],
            "replace": false,
            "to": "/",
          },
          "ref": null,
          "rendered": Array [
            Object {
              "instance": null,
              "key": undefined,
              "nodeType": "host",
              "props": Object {
                "alt": "empire logo",
                "id": "empire-logo",
                "src": "GalacticEmpire.png",
              },
              "ref": null,
              "rendered": null,
              "type": "img",
            },
            Object {
              "instance": null,
              "key": undefined,
              "nodeType": "host",
              "props": Object {
                "children": "The Imperial Almanac",
              },
              "ref": null,
              "rendered": "The Imperial Almanac",
              "type": "h1",
            },
          ],
          "type": [Function],
        },
        "type": "div",
      },
      Object {
        "instance": null,
        "key": undefined,
        "nodeType": "host",
        "props": Object {
          "children": Array [
            <NavLink
              activeClassName="active"
              ariaCurrent="true"
              to="/people"
>
              <button
                            id="people"
                            onClick={[Function]}
              >
                            <img
                                          alt="search people"
                                          className="nav-img"
                                          src="people.svg"
                            />
              </button>
</NavLink>,
            <NavLink
              activeClassName="active"
              ariaCurrent="true"
              to="/planets"
>
              <button
                            onClick={[Function]}
              >
                            <img
                                          alt="search people"
                                          className="nav-img"
                                          src="earth-globe.svg"
                            />
              </button>
</NavLink>,
            <NavLink
              activeClassName="active"
              ariaCurrent="true"
              to="/vehicles"
>
              <button
                            onClick={[Function]}
              >
                            <img
                                          alt="search people"
                                          className="nav-img"
                                          src="star-wars.svg"
                            />
              </button>
</NavLink>,
            <NavLink
              activeClassName="active"
              ariaCurrent="true"
              to="/targets"
>
              <button
                            id="targets"
              >
                            <img
                                          alt="search people"
                                          className="nav-img"
                                          src="bullseye.svg"
                            />
              </button>
</NavLink>,
          ],
          "className": "nav-btns-cont",
        },
        "ref": null,
        "rendered": Array [
          Object {
            "instance": null,
            "key": undefined,
            "nodeType": "function",
            "props": Object {
              "activeClassName": "active",
              "ariaCurrent": "true",
              "children": <button
                id="people"
                onClick={[Function]}
>
                <img
                                alt="search people"
                                className="nav-img"
                                src="people.svg"
                />
</button>,
              "to": "/people",
            },
            "ref": null,
            "rendered": Object {
              "instance": null,
              "key": undefined,
              "nodeType": "host",
              "props": Object {
                "children": <img
                  alt="search people"
                  className="nav-img"
                  src="people.svg"
/>,
                "id": "people",
                "onClick": [Function],
              },
              "ref": null,
              "rendered": Object {
                "instance": null,
                "key": undefined,
                "nodeType": "host",
                "props": Object {
                  "alt": "search people",
                  "className": "nav-img",
                  "src": "people.svg",
                },
                "ref": null,
                "rendered": null,
                "type": "img",
              },
              "type": "button",
            },
            "type": [Function],
          },
          Object {
            "instance": null,
            "key": undefined,
            "nodeType": "function",
            "props": Object {
              "activeClassName": "active",
              "ariaCurrent": "true",
              "children": <button
                onClick={[Function]}
>
                <img
                                alt="search people"
                                className="nav-img"
                                src="earth-globe.svg"
                />
</button>,
              "to": "/planets",
            },
            "ref": null,
            "rendered": Object {
              "instance": null,
              "key": undefined,
              "nodeType": "host",
              "props": Object {
                "children": <img
                  alt="search people"
                  className="nav-img"
                  src="earth-globe.svg"
/>,
                "onClick": [Function],
              },
              "ref": null,
              "rendered": Object {
                "instance": null,
                "key": undefined,
                "nodeType": "host",
                "props": Object {
                  "alt": "search people",
                  "className": "nav-img",
                  "src": "earth-globe.svg",
                },
                "ref": null,
                "rendered": null,
                "type": "img",
              },
              "type": "button",
            },
            "type": [Function],
          },
          Object {
            "instance": null,
            "key": undefined,
            "nodeType": "function",
            "props": Object {
              "activeClassName": "active",
              "ariaCurrent": "true",
              "children": <button
                onClick={[Function]}
>
                <img
                                alt="search people"
                                className="nav-img"
                                src="star-wars.svg"
                />
</button>,
              "to": "/vehicles",
            },
            "ref": null,
            "rendered": Object {
              "instance": null,
              "key": undefined,
              "nodeType": "host",
              "props": Object {
                "children": <img
                  alt="search people"
                  className="nav-img"
                  src="star-wars.svg"
/>,
                "onClick": [Function],
              },
              "ref": null,
              "rendered": Object {
                "instance": null,
                "key": undefined,
                "nodeType": "host",
                "props": Object {
                  "alt": "search people",
                  "className": "nav-img",
                  "src": "star-wars.svg",
                },
                "ref": null,
                "rendered": null,
                "type": "img",
              },
              "type": "button",
            },
            "type": [Function],
          },
          Object {
            "instance": null,
            "key": undefined,
            "nodeType": "function",
            "props": Object {
              "activeClassName": "active",
              "ariaCurrent": "true",
              "children": <button
                id="targets"
>
                <img
                                alt="search people"
                                className="nav-img"
                                src="bullseye.svg"
                />
</button>,
              "to": "/targets",
            },
            "ref": null,
            "rendered": Object {
              "instance": null,
              "key": undefined,
              "nodeType": "host",
              "props": Object {
                "children": <img
                  alt="search people"
                  className="nav-img"
                  src="bullseye.svg"
/>,
                "id": "targets",
              },
              "ref": null,
              "rendered": Object {
                "instance": null,
                "key": undefined,
                "nodeType": "host",
                "props": Object {
                  "alt": "search people",
                  "className": "nav-img",
                  "src": "bullseye.svg",
                },
                "ref": null,
                "rendered": null,
                "type": "img",
              },
              "type": "button",
            },
            "type": [Function],
          },
        ],
        "type": "div",
      },
      Object {
        "instance": null,
        "key": undefined,
        "nodeType": "host",
        "props": Object {
          "id": "death-star",
          "src": "deathStar.png",
        },
        "ref": null,
        "rendered": null,
        "type": "img",
      },
    ],
    "type": "nav",
  },
  Symbol(enzyme.__nodes__): Array [
    Object {
      "instance": null,
      "key": undefined,
      "nodeType": "host",
      "props": Object {
        "children": Array [
          <div
            className="title-cont"
>
            <Link
                        onClick={[Function]}
                        replace={false}
                        to="/"
            >
                        <img
                                    alt="empire logo"
                                    id="empire-logo"
                                    src="GalacticEmpire.png"
                        />
                        <h1>
                                    The Imperial Almanac
                        </h1>
            </Link>
</div>,
          <div
            className="nav-btns-cont"
>
            <NavLink
                        activeClassName="active"
                        ariaCurrent="true"
                        to="/people"
            >
                        <button
                                    id="people"
                                    onClick={[Function]}
                        >
                                    <img
                                                alt="search people"
                                                className="nav-img"
                                                src="people.svg"
                                    />
                        </button>
            </NavLink>
            <NavLink
                        activeClassName="active"
                        ariaCurrent="true"
                        to="/planets"
            >
                        <button
                                    onClick={[Function]}
                        >
                                    <img
                                                alt="search people"
                                                className="nav-img"
                                                src="earth-globe.svg"
                                    />
                        </button>
            </NavLink>
            <NavLink
                        activeClassName="active"
                        ariaCurrent="true"
                        to="/vehicles"
            >
                        <button
                                    onClick={[Function]}
                        >
                                    <img
                                                alt="search people"
                                                className="nav-img"
                                                src="star-wars.svg"
                                    />
                        </button>
            </NavLink>
            <NavLink
                        activeClassName="active"
                        ariaCurrent="true"
                        to="/targets"
            >
                        <button
                                    id="targets"
                        >
                                    <img
                                                alt="search people"
                                                className="nav-img"
                                                src="bullseye.svg"
                                    />
                        </button>
            </NavLink>
</div>,
          <img
            id="death-star"
            src="deathStar.png"
/>,
        ],
      },
      "ref": null,
      "rendered": Array [
        Object {
          "instance": null,
          "key": undefined,
          "nodeType": "host",
          "props": Object {
            "children": <Link
              onClick={[Function]}
              replace={false}
              to="/"
>
              <img
                            alt="empire logo"
                            id="empire-logo"
                            src="GalacticEmpire.png"
              />
              <h1>
                            The Imperial Almanac
              </h1>
</Link>,
            "className": "title-cont",
          },
          "ref": null,
          "rendered": Object {
            "instance": null,
            "key": undefined,
            "nodeType": "class",
            "props": Object {
              "children": Array [
                <img
                  alt="empire logo"
                  id="empire-logo"
                  src="GalacticEmpire.png"
/>,
                <h1>
                  The Imperial Almanac
</h1>,
              ],
              "onClick": [Function],
              "replace": false,
              "to": "/",
            },
            "ref": null,
            "rendered": Array [
              Object {
                "instance": null,
                "key": undefined,
                "nodeType": "host",
                "props": Object {
                  "alt": "empire logo",
                  "id": "empire-logo",
                  "src": "GalacticEmpire.png",
                },
                "ref": null,
                "rendered": null,
                "type": "img",
              },
              Object {
                "instance": null,
                "key": undefined,
                "nodeType": "host",
                "props": Object {
                  "children": "The Imperial Almanac",
                },
                "ref": null,
                "rendered": "The Imperial Almanac",
                "type": "h1",
              },
            ],
            "type": [Function],
          },
          "type": "div",
        },
        Object {
          "instance": null,
          "key": undefined,
          "nodeType": "host",
          "props": Object {
            "children": Array [
              <NavLink
                activeClassName="active"
                ariaCurrent="true"
                to="/people"
>
                <button
                                id="people"
                                onClick={[Function]}
                >
                                <img
                                                alt="search people"
                                                className="nav-img"
                                                src="people.svg"
                                />
                </button>
</NavLink>,
              <NavLink
                activeClassName="active"
                ariaCurrent="true"
                to="/planets"
>
                <button
                                onClick={[Function]}
                >
                                <img
                                                alt="search people"
                                                className="nav-img"
                                                src="earth-globe.svg"
                                />
                </button>
</NavLink>,
              <NavLink
                activeClassName="active"
                ariaCurrent="true"
                to="/vehicles"
>
                <button
                                onClick={[Function]}
                >
                                <img
                                                alt="search people"
                                                className="nav-img"
                                                src="star-wars.svg"
                                />
                </button>
</NavLink>,
              <NavLink
                activeClassName="active"
                ariaCurrent="true"
                to="/targets"
>
                <button
                                id="targets"
                >
                                <img
                                                alt="search people"
                                                className="nav-img"
                                                src="bullseye.svg"
                                />
                </button>
</NavLink>,
            ],
            "className": "nav-btns-cont",
          },
          "ref": null,
          "rendered": Array [
            Object {
              "instance": null,
              "key": undefined,
              "nodeType": "function",
              "props": Object {
                "activeClassName": "active",
                "ariaCurrent": "true",
                "children": <button
                  id="people"
                  onClick={[Function]}
>
                  <img
                                    alt="search people"
                                    className="nav-img"
                                    src="people.svg"
                  />
</button>,
                "to": "/people",
              },
              "ref": null,
              "rendered": Object {
                "instance": null,
                "key": undefined,
                "nodeType": "host",
                "props": Object {
                  "children": <img
                    alt="search people"
                    className="nav-img"
                    src="people.svg"
/>,
                  "id": "people",
                  "onClick": [Function],
                },
                "ref": null,
                "rendered": Object {
                  "instance": null,
                  "key": undefined,
                  "nodeType": "host",
                  "props": Object {
                    "alt": "search people",
                    "className": "nav-img",
                    "src": "people.svg",
                  },
                  "ref": null,
                  "rendered": null,
                  "type": "img",
                },
                "type": "button",
              },
              "type": [Function],
            },
            Object {
              "instance": null,
              "key": undefined,
              "nodeType": "function",
              "props": Object {
                "activeClassName": "active",
                "ariaCurrent": "true",
                "children": <button
                  onClick={[Function]}
>
                  <img
                                    alt="search people"
                                    className="nav-img"
                                    src="earth-globe.svg"
                  />
</button>,
                "to": "/planets",
              },
              "ref": null,
              "rendered": Object {
                "instance": null,
                "key": undefined,
                "nodeType": "host",
                "props": Object {
                  "children": <img
                    alt="search people"
                    className="nav-img"
                    src="earth-globe.svg"
/>,
                  "onClick": [Function],
                },
                "ref": null,
                "rendered": Object {
                  "instance": null,
                  "key": undefined,
                  "nodeType": "host",
                  "props": Object {
                    "alt": "search people",
                    "className": "nav-img",
                    "src": "earth-globe.svg",
                  },
                  "ref": null,
                  "rendered": null,
                  "type": "img",
                },
                "type": "button",
              },
              "type": [Function],
            },
            Object {
              "instance": null,
              "key": undefined,
              "nodeType": "function",
              "props": Object {
                "activeClassName": "active",
                "ariaCurrent": "true",
                "children": <button
                  onClick={[Function]}
>
                  <img
                                    alt="search people"
                                    className="nav-img"
                                    src="star-wars.svg"
                  />
</button>,
                "to": "/vehicles",
              },
              "ref": null,
              "rendered": Object {
                "instance": null,
                "key": undefined,
                "nodeType": "host",
                "props": Object {
                  "children": <img
                    alt="search people"
                    className="nav-img"
                    src="star-wars.svg"
/>,
                  "onClick": [Function],
                },
                "ref": null,
                "rendered": Object {
                  "instance": null,
                  "key": undefined,
                  "nodeType": "host",
                  "props": Object {
                    "alt": "search people",
                    "className": "nav-img",
                    "src": "star-wars.svg",
                  },
                  "ref": null,
                  "rendered": null,
                  "type": "img",
                },
                "type": "button",
              },
              "type": [Function],
            },
            Object {
              "instance": null,
              "key": undefined,
              "nodeType": "function",
              "props": Object {
                "activeClassName": "active",
                "ariaCurrent": "true",
                "children": <button
                  id="targets"
>
                  <img
                                    alt="search people"
                                    className="nav-img"
                                    src="bullseye.svg"
                  />
</button>,
                "to": "/targets",
              },
              "ref": null,
              "rendered": Object {
                "instance": null,
                "key": undefined,
                "nodeType": "host",
                "props": Object {
                  "children": <img
                    alt="search people"
                    className="nav-img"
                    src="bullseye.svg"
/>,
                  "id": "targets",
                },
                "ref": null,
                "rendered": Object {
                  "instance": null,
                  "key": undefined,
                  "nodeType": "host",
                  "props": Object {
                    "alt": "search people",
                    "className": "nav-img",
                    "src": "bullseye.svg",
                  },
                  "ref": null,
                  "rendered": null,
                  "type": "img",
                },
                "type": "button",
              },
              "type": [Function],
            },
          ],
          "type": "div",
        },
        Object {
          "instance": null,
          "key": undefined,
          "nodeType": "host",
          "props": Object {
            "id": "death-star",
            "src": "deathStar.png",
          },
          "ref": null,
          "rendered": null,
          "type": "img",
        },
      ],
      "type": "nav",
    },
  ],
  Symbol(enzyme.__options__): Object {
    "adapter": ReactSixteenAdapter {
      "options": Object {
        "enableComponentDidUpdateOnSetState": true,
      },
    },
  },
}
`;
